[backblue.gif]
[fade.gif]
[index.html]
[cdn.shopify.com/shopifycloud/storefront-recaptcha-v3/v0.6/index.js]
[cdn.shopify.com/s/files/1/1613/0177/t/28/assets/vendor5b2d.js]
[porto-demo13.myshopify.com/POST]
[cdn.shopify.com/s/trekkie.storefront.b3ffc0d3163b69e5f990acf63cd65cdbdba0582e.min.js]
[cdn.shopify.com/s/files/1/1613/0177/t/28/assets/en4d6b.png]
[cdn.shopify.com/shopifycloud/boomerang/shopify-boomerang-1.0.0.min.js]
[cdn.shopify.com/s/files/1/1613/0177/t/28/assets/de0989.png]
[cdn.shopify.com/s/files/1/1613/0177/t/28/assets/fr24c6.png]
[cdn.shopify.com/s/files/1/1613/0177/t/28/assets/logo_black_newfb37.png]
[cdn.shopify.com/s/files/1/1613/0109/files/menu-banner7ff2.jpg]
[cdn.shopify.com/s/files/1/1613/0109/files/menu_banner_right_2.png]
[cdn.shopify.com/s/files/1/1613/0177/files/shop13_home_slider10ee1.jpg]
[cdn.shopify.com/s/files/1/1613/0177/files/shop13_home_slider2e70a.jpg]
[cdn.shopify.com/s/files/1/1613/0177/t/28/assets/newsletter_bg_imageaa27.jpg]
[cdn.shopify.com/s/files/1/1613/0177/t/28/assets/theme-scriptse62a.js]
[porto-demo13.myshopify.com/index.html]
[cdn.shopify.com/s/files/1/1613/0177/t/28/assets/fonts/Simple-Line-Icons.7db26c.delayed]
[cdn.shopify.com/s/files/1/1613/0177/t/28/assets/fonts/Simple-Line-Icons.7eb26c.delayed]
[cdn.shopify.com/s/files/1/1613/0177/t/28/assets/newsletter_logo9adc.png]
[cdn.shopify.com/s/files/1/1613/0177/t/28/assets/fonts/Simple-Line-Icons.7fb26c.delayed]
[cdn.shopify.com/s/files/1/1632/5913/files/shop1_payment_logo.png]
[cdn.shopify.com/s/files/1/1613/0177/t/28/assets/theme6851.js]
[cdn.shopify.com/s/files/1/1613/0177/t/28/assets/jquery.elevatezoom.min5c55.js]
[cdn.shopify.com/s/files/1/1613/0177/t/28/assets/owl.video.play.png]
[cdn.shopify.com/s/files/1/1613/0177/t/28/assets/porto35cb.woff2]
[cdn.shopify.com/s/files/1/1613/0177/t/28/assets/porto35cb.eot]
[cdn.shopify.com/s/files/1/1613/0177/t/28/assets/plugins46cc.css]
[cdn.shopify.com/s/files/1/1613/0177/t/28/assets/porto35cb.ttf]
[cdn.shopify.com/s/files/1/1613/0177/t/28/assets/ultramegamenu3a49.css]
[cdn.shopify.com/s/files/1/1613/0177/t/28/assets/option_selectionf92b.js]
[cdn.shopify.com/s/files/1/1613/0177/t/28/assets/stylese5d2.css]
[cdn.shopify.com/s/files/1/1613/0177/t/28/assets/porto35cb.woff]
[cdn.shopify.com/s/files/1/1613/0177/t/28/assets/Simple-Line-Iconsb26c.eot]
[cdn.shopify.com/s/files/1/1613/0177/t/28/assets/header-type1519f.css]
[cdn.shopify.com/s/files/1/1613/0177/t/28/assets/fontawesome-webfont93e3.eot]
[cdn.shopify.com/s/files/1/1613/0177/t/28/assets/fontawesome-webfontd41d.eot]
[cdn.shopify.com/s/files/1/1613/0177/t/28/assets/fontawesome-webfont93e3.woff2]
[cdn.shopify.com/s/files/1/1613/0177/t/28/assets/fontawesome-webfont93e3.woff]
[cdn.shopify.com/s/files/1/1613/0177/t/28/assets/fontawesome-webfont93e3.ttf]
[cdn.shopify.com/s/files/1/1613/0177/t/28/assets/homepage24b2.css]
[cdn.shopify.com/s/files/1/1613/0177/t/28/assets/product-list5a59.css]
[cdn.shopify.com/s/files/1/1613/0177/t/28/assets/fa-brands-400.woff2]
[cdn.shopify.com/s/files/1/1613/0177/t/28/assets/fa-brands-400.eot]
[cdn.shopify.com/s/files/1/1613/0177/t/28/assets/responsive05a1.css]
[cdn.shopify.com/s/files/1/1613/0177/t/28/assets/fa-brands-400d41d.eot]
[cdn.shopify.com/s/files/1/1613/0177/t/28/assets/fa-brands-400.woff]
[cdn.shopify.com/s/files/1/1613/0177/t/28/assets/config6fdc.css]
[cdn.shopify.com/s/files/1/1613/0177/t/28/assets/fa-brands-400.ttf]
[cdn.shopify.com/s/files/1/0583/3922/9880/t/5/assets/vo_pixel_light4368.png]
[porto-demo13.myshopify.com/de.html]
[porto-demo13.myshopify.com/fr.html]
[cdn.shopify.com/s/files/1/1613/0177/t/28/compiled_assets/stylesaff1.css]
[cdn.shopify.com/s/files/1/1613/0177/t/28/compiled_assets/scriptsaff1.js]
[porto-demo13.myshopify.com/POST.html]
[porto-demo13.myshopify.com/account/POST.102.delayed]
[porto-demo13.myshopify.com/account/login4236.html]
[porto-demo13.myshopify.com/cart.html]
[cdn.shopify.com/shopifycloud/shopify/assets/themes_support/shopify_common-8ea6ac3faf357236a97f5de749df4da6e8436ca107bc3a4ee805cbf08bc47392.js]
[porto-demo13.myshopify.com/account/login.html]
[porto-demo13.myshopify.com/collections/dress.atom]
[porto-demo13.myshopify.com/collections/dress.oembed]
[cdn.shopify.com/s/files/1/1613/0177/t/28/assets/shopify_commonb2ee.js]
[porto-demo13.myshopify.com/collections/POST]
[cdn.shopify.com/s/files/1/1613/0177/t/28/assets/jquery.history.min91d0.js]
[cdn.shopify.com/s/files/1/1613/0177/t/28/assets/blackb45c.png]
[cdn.shopify.com/s/files/1/1613/0177/t/28/assets/bluee07d.png]
[cdn.shopify.com/s/files/1/1613/0177/t/28/assets/red10cb.png]
[cdn.shopify.com/s/files/1/1613/0177/t/28/assets/whitefce5.png]
[cdn.shopify.com/s/files/1/1613/0177/t/28/assets/collection-filters-form11cb.js]
[porto-demo13.myshopify.com/collections/dress.html]
[porto-demo13.myshopify.com/collections/headphone.html]
[porto-demo13.myshopify.com/collections/headphone.atom]
[porto-demo13.myshopify.com/collections/headphone.oembed]
[porto-demo13.myshopify.com/collections/shoes.atom]
[porto-demo13.myshopify.com/collections/shoes.oembed]
[porto-demo13.myshopify.com/collections/shoes.html]
[cdn.shopify.com/s/files/1/1613/0177/t/28/assets/brown6841.png]
[porto-demo13.myshopify.com/collections/trousers.html]
[porto-demo13.myshopify.com/collections/trousers.oembed]
[porto-demo13.myshopify.com/collections/trousers.atom]
[porto-demo13.myshopify.com/collections/shop.oembed]
[porto-demo13.myshopify.com/collections/shop.atom]
[cdn.shopify.com/s/files/1/1613/0177/files/demo8-category-banner.jpg]
[porto-demo13.myshopify.com/collections/shop.html]
[porto-demo13.myshopify.com/collections/all.atom]
[cdn.shopify.com/s/files/1/1613/0177/t/28/assets/greyae2c.png]
[porto-demo13.myshopify.com/collections/all.html]
[porto-demo13.myshopify.com/pages/POST]
[porto-demo13.myshopify.com/pages/about-us.html]
[farm6.staticflickr.com/5474/10310925693_d6b385800c_s.jpg]
[farm4.staticflickr.com/3780/10310925903_27bf4cb8dd_s.jpg]
[farm6.staticflickr.com/5524/10310772635_154218bd04_s.jpg]
[farm6.staticflickr.com/5506/10310772645_d23b460207_s.jpg]
[farm4.staticflickr.com/3789/10310772595_1affd9da05_s.jpg]
[porto-demo13.myshopify.com/pages/contact.html]
[farm8.staticflickr.com/7321/10310925423_189ee58c5a_s.jpg]
[cdn.shopify.com/s/files/1/1613/0219/files/office-3-150x1500de2.jpg]
[cdn.shopify.com/s/files/1/1613/0219/files/office-1-150x1500de2.jpg]
[cdn.shopify.com/s/files/1/1613/0219/files/office-2-150x1500de2.jpg]
[porto-demo13.myshopify.com/blogs/news.html]
[cdn.shopify.com/s/files/1/1613/0177/t/28/assets/section-testimonials6953.css]
[cdn.shopify.com/s/files/1/1613/0177/t/28/assets/section-blog-posts61b2.css]
[cdn.shopify.com/s/files/1/1613/0177/t/28/assets/section-main0bdc.css]
[porto-demo13.myshopify.com/collections/featured-products/products/men-gentle-shoes.html]
[porto-demo13.myshopify.com/products/men-gentle-shoes95b3.html]
[porto-demo13.myshopify.com/collections/best-selling-products.html]
[porto-demo13.myshopify.com/collections/featured-products.html]
[porto-demo13.myshopify.com/collections/featured-products/products/porto-gray-cap.html]
[porto-demo13.myshopify.com/products/porto-gray-cap95b3.html]
[porto-demo13.myshopify.com/collections/caps.html]
[porto-demo13.myshopify.com/collections/featured-products/products/porto-white-cap.html]
[porto-demo13.myshopify.com/products/porto-white-cap95b3.html]
[porto-demo13.myshopify.com/collections/featured-products/products/men-black-belts.html]
[porto-demo13.myshopify.com/products/men-black-belts95b3.html]
[porto-demo13.myshopify.com/collections/featured-products/products/product-extended.html]
[porto-demo13.myshopify.com/products/product-extended95b3.html]
[porto-demo13.myshopify.com/collections/featured-products/products/sports-shoes.html]
[porto-demo13.myshopify.com/products/sports-shoes95b3.html]
[porto-demo13.myshopify.com/collections/latest-products.html]
[porto-demo13.myshopify.com/collections/featured-products/products/women-bag-1.html]
[porto-demo13.myshopify.com/products/women-bag-195b3.html]
[porto-demo13.myshopify.com/collections/featured-products/products/winter-towel.html]
[porto-demo13.myshopify.com/products/winter-towel95b3.html]
[porto-demo13.myshopify.com/collections/featured-products/products/women-bag.html]
[porto-demo13.myshopify.com/products/women-bag95b3.html]
[porto-demo13.myshopify.com/collections/top-rated-products/products/men-gentle-shoes.html]
[porto-demo13.myshopify.com/collections/top-rated-products/products/women-bag-1.html]
[porto-demo13.myshopify.com/collections/top-rated-products/products/product-extended.html]
[porto-demo13.myshopify.com/collections/best-selling-products/products/men-gentle-shoes.html]
[porto-demo13.myshopify.com/collections/best-selling-products/products/women-bag.html]
[porto-demo13.myshopify.com/collections/best-selling-products/products/men-black-belts.html]
[porto-demo13.myshopify.com/collections/latest-products/products/men-gentle-shoes.html]
[porto-demo13.myshopify.com/collections/latest-products/products/porto-gray-cap.html]
[porto-demo13.myshopify.com/collections/latest-products/products/porto-white-cap.html]
[porto-demo13.myshopify.com/collections/fashion.html]
[porto-demo13.myshopify.com/collections/t-shirts.html]
[porto-demo13.myshopify.com/collections/accessories.html]
[porto-demo13.myshopify.com/collections/watches.html]
[porto-demo13.myshopify.com/collections/electronics.html]
[porto-demo13.myshopify.com/collections/toys.html]
[porto-demo13.myshopify.com/blogs/news/post-format-video.html]
[porto-demo13.myshopify.com/blogs/news/post-format-image-gallery.html]
[cdn.shopify.com/s/files/1/1613/0177/t/28/assets/porto35cb.svg]
[cdn.shopify.com/s/files/1/1613/0177/t/28/assets/fonts/Simple-Line-Iconsb26c.html]
[cdn.shopify.com/s/files/1/1613/0177/t/28/assets/fonts/Simple-Line-Iconsb26c-2.html]
[cdn.shopify.com/s/files/1/1613/0177/t/28/assets/fonts/Simple-Line-Iconsb26c-3.html]
[cdn.shopify.com/s/files/1/1613/0177/t/28/assets/fontawesome-webfont93e3.svg]
[cdn.shopify.com/s/files/1/1613/0177/t/28/assets/owl.video.play.html]
[cdn.shopify.com/s/files/1/1613/0177/t/28/assets/fa-brands-400.svg]
[cdn.shopify.com/s/files/1/1613/0177/t/28/assets/curved-border.svg]
[porto-demo13.myshopify.com/de/index.html]
[porto-demo13.myshopify.com/de/collections/dress.html]
[porto-demo13.myshopify.com/de/collections/headphone.html]
[porto-demo13.myshopify.com/de/collections/shoes.html]
[porto-demo13.myshopify.com/de/collections/trousers.html]
[porto-demo13.myshopify.com/de/cart.html]
[porto-demo13.myshopify.com/de/collections/shop.html]
[porto-demo13.myshopify.com/de/collections/all.html]
[porto-demo13.myshopify.com/de/pages/about-us.html]
[porto-demo13.myshopify.com/de/pages/contact.html]
[porto-demo13.myshopify.com/de/blogs/news.html]
[porto-demo13.myshopify.com/de/account/loginb7cf.html]
[porto-demo13.myshopify.com/de/collections/featured-products/products/men-gentle-shoes.html]
[porto-demo13.myshopify.com/de/products/men-gentle-shoes95b3.html]
[porto-demo13.myshopify.com/de/collections/best-selling-products.html]
[porto-demo13.myshopify.com/de/collections/featured-products.html]
[porto-demo13.myshopify.com/de/collections/featured-products/products/porto-gray-cap.html]
[porto-demo13.myshopify.com/de/products/porto-gray-cap95b3.html]
[porto-demo13.myshopify.com/de/collections/caps.html]
[porto-demo13.myshopify.com/de/collections/featured-products/products/porto-white-cap.html]
[porto-demo13.myshopify.com/de/products/porto-white-cap95b3.html]
[porto-demo13.myshopify.com/de/collections/featured-products/products/men-black-belts.html]
[porto-demo13.myshopify.com/de/products/men-black-belts95b3.html]
[porto-demo13.myshopify.com/de/collections/featured-products/products/product-extended.html]
[porto-demo13.myshopify.com/de/products/product-extended95b3.html]
[porto-demo13.myshopify.com/de/collections/featured-products/products/sports-shoes.html]
[porto-demo13.myshopify.com/de/products/sports-shoes95b3.html]
[porto-demo13.myshopify.com/de/collections/latest-products.html]
[porto-demo13.myshopify.com/de/collections/featured-products/products/women-bag-1.html]
[porto-demo13.myshopify.com/de/products/women-bag-195b3.html]
[porto-demo13.myshopify.com/de/collections/featured-products/products/winter-towel.html]
[porto-demo13.myshopify.com/de/products/winter-towel95b3.html]
[porto-demo13.myshopify.com/de/collections/featured-products/products/women-bag.html]
[porto-demo13.myshopify.com/de/products/women-bag95b3.html]
[porto-demo13.myshopify.com/de/collections/top-rated-products/products/men-gentle-shoes.html]
[porto-demo13.myshopify.com/de/collections/top-rated-products/products/women-bag-1.html]
[porto-demo13.myshopify.com/de/collections/top-rated-products/products/product-extended.html]
[porto-demo13.myshopify.com/de/collections/best-selling-products/products/men-gentle-shoes.html]
[porto-demo13.myshopify.com/de/collections/best-selling-products/products/women-bag.html]
[porto-demo13.myshopify.com/de/collections/best-selling-products/products/men-black-belts.html]
[porto-demo13.myshopify.com/de/collections/latest-products/products/men-gentle-shoes.html]
[porto-demo13.myshopify.com/de/collections/latest-products/products/porto-gray-cap.html]
[porto-demo13.myshopify.com/de/collections/latest-products/products/porto-white-cap.html]
[porto-demo13.myshopify.com/de/collections/fashion.html]
[porto-demo13.myshopify.com/de/collections/t-shirts.html]
[porto-demo13.myshopify.com/de/collections/accessories.html]
[porto-demo13.myshopify.com/de/collections/watches.html]
[porto-demo13.myshopify.com/de/collections/electronics.html]
[porto-demo13.myshopify.com/de/collections/toys.html]
[porto-demo13.myshopify.com/de/blogs/news/post-format-video.html]
[porto-demo13.myshopify.com/de/blogs/news/post-format-image-gallery.html]
[porto-demo13.myshopify.com/fr/index.html]
[porto-demo13.myshopify.com/fr/collections/dress.html]
[porto-demo13.myshopify.com/fr/collections/headphone.html]
[porto-demo13.myshopify.com/fr/collections/shoes.html]
[porto-demo13.myshopify.com/fr/collections/trousers.html]
[porto-demo13.myshopify.com/fr/cart.html]
[porto-demo13.myshopify.com/fr/collections/shop.html]
[porto-demo13.myshopify.com/fr/collections/all.html]
[porto-demo13.myshopify.com/fr/pages/about-us.html]
[porto-demo13.myshopify.com/fr/pages/contact.html]
[porto-demo13.myshopify.com/fr/blogs/news.html]
[porto-demo13.myshopify.com/fr/account/logine4e5.html]
[porto-demo13.myshopify.com/fr/collections/featured-products/products/men-gentle-shoes.html]
[porto-demo13.myshopify.com/fr/products/men-gentle-shoes95b3.html]
[porto-demo13.myshopify.com/fr/collections/best-selling-products.html]
[porto-demo13.myshopify.com/fr/collections/featured-products.html]
[porto-demo13.myshopify.com/fr/collections/featured-products/products/porto-gray-cap.html]
[porto-demo13.myshopify.com/fr/products/porto-gray-cap95b3.html]
[porto-demo13.myshopify.com/fr/collections/caps.html]
[porto-demo13.myshopify.com/fr/collections/featured-products/products/porto-white-cap.html]
[porto-demo13.myshopify.com/fr/products/porto-white-cap95b3.html]
[porto-demo13.myshopify.com/fr/collections/featured-products/products/men-black-belts.html]
[porto-demo13.myshopify.com/fr/products/men-black-belts95b3.html]
[porto-demo13.myshopify.com/fr/collections/featured-products/products/product-extended.html]
[porto-demo13.myshopify.com/fr/products/product-extended95b3.html]
[porto-demo13.myshopify.com/fr/collections/featured-products/products/sports-shoes.html]
[porto-demo13.myshopify.com/fr/products/sports-shoes95b3.html]
[porto-demo13.myshopify.com/fr/collections/latest-products.html]
[porto-demo13.myshopify.com/fr/collections/featured-products/products/women-bag-1.html]
[porto-demo13.myshopify.com/fr/products/women-bag-195b3.html]
[porto-demo13.myshopify.com/fr/collections/featured-products/products/winter-towel.html]
[porto-demo13.myshopify.com/fr/products/winter-towel95b3.html]
[porto-demo13.myshopify.com/fr/collections/featured-products/products/women-bag.html]
[porto-demo13.myshopify.com/fr/products/women-bag95b3.html]
[porto-demo13.myshopify.com/fr/collections/top-rated-products/products/men-gentle-shoes.html]
[porto-demo13.myshopify.com/fr/collections/top-rated-products/products/women-bag-1.html]
[porto-demo13.myshopify.com/fr/collections/top-rated-products/products/product-extended.html]
[porto-demo13.myshopify.com/fr/collections/best-selling-products/products/men-gentle-shoes.html]
[porto-demo13.myshopify.com/fr/collections/best-selling-products/products/women-bag.html]
[porto-demo13.myshopify.com/fr/collections/best-selling-products/products/men-black-belts.html]
[porto-demo13.myshopify.com/fr/collections/latest-products/products/men-gentle-shoes.html]
[porto-demo13.myshopify.com/fr/collections/latest-products/products/porto-gray-cap.html]
[porto-demo13.myshopify.com/fr/collections/latest-products/products/porto-white-cap.html]
[porto-demo13.myshopify.com/fr/collections/fashion.html]
[porto-demo13.myshopify.com/fr/collections/t-shirts.html]
[porto-demo13.myshopify.com/fr/collections/accessories.html]
[porto-demo13.myshopify.com/fr/collections/watches.html]
[porto-demo13.myshopify.com/fr/collections/electronics.html]
[porto-demo13.myshopify.com/fr/collections/toys.html]
[porto-demo13.myshopify.com/fr/blogs/news/post-format-video.html]
[porto-demo13.myshopify.com/fr/blogs/news/post-format-image-gallery.html]
[porto-demo13.myshopify.com/de/account/login.html]
[porto-demo13.myshopify.com/fr/account/login.html]
[porto-demo13.myshopify.com/account/POST.html]
[cdn.shopify.com/s/files/1/1613/0177/t/28/assets/sidebar270f.css]
[cdn.shopify.com/s/files/1/1613/0177/t/28/assets/customer6757.css]
[porto-demo13.myshopify.com/account/register.html]
[porto-demo13.myshopify.com/cart/index.html]
[porto-demo13.myshopify.com/checkout/index.html]
[cdn.shopify.com/s/files/1/1613/0177/t/28/assets/page-cart357c.css]
[porto-demo13.myshopify.com/collections/POST.html]
[cdn.shopify.com/s/files/1/1613/0177/t/28/assets/collection8e3b.css]
[porto-demo13.myshopify.com/collections/dress/products/women-bag.html]
[porto-demo13.myshopify.com/collections/dress/products/winter-towel.html]
[porto-demo13.myshopify.com/collections/dress/products/product-extended.html]
[porto-demo13.myshopify.com/collections/dress/products/porto-gray-cap.html]
[porto-demo13.myshopify.com/products/gentle-shoes.html]
[porto-demo13.myshopify.com/products/men-belts.html]
[porto-demo13.myshopify.com/products/men-black-belts.html]
[porto-demo13.myshopify.com/collections/headphone/products/product-extended.html]
[porto-demo13.myshopify.com/collections/headphone/products/men-black-belts.html]
